STK_program.c:26:6:STK_voidInit	4	static
STK_program.c:52:6:STK_voidSetBusyWait	16	static
STK_program.c:85:7:STK_voidSetIntervalSingle	16	static
STK_program.c:119:7:STK_voidSetIntervalPeriodic	16	static
STK_program.c:140:6:STK_voidStopInterval	4	static
STK_program.c:153:8:STK_u32GetElapedTime	16	static
STK_program.c:165:8:STK_u32GetRemainingTime	16	static
STK_program.c:177:6:SysTick_Handler	16	static
STK_program.c:207:6:STK_voidDelay_ms	16	static
STK_program.c:229:6:STK_voidStartTimer	16	static
STK_program.c:241:6:overflow_micros	16	static
STK_program.c:247:6:STK_voidStartMicros	8	static
STK_program.c:252:8:Micros	16	static
STK_program.c:259:6:overflow_millis	16	static
STK_program.c:266:6:STK_voidStartMillis	8	static
STK_program.c:272:8:Millis	16	static
